------------------------------------------------------------
Timing Analyzer Summary
------------------------------------------------------------

Type  : Slow 1200mV 85C Model Setup 'switch[0]'
Slack : -7.825
TNS   : -58.415

Type  : Slow 1200mV 85C Model Setup 'clk75|altpll_component|auto_generated|pll1|clk[0]'
Slack : -6.182
TNS   : -17.438

Type  : Slow 1200mV 85C Model Setup 'FSM_game:Game|divisor_de_frecuencia:GameClk|clk_out'
Slack : -1.371
TNS   : -8.545

Type  : Slow 1200mV 85C Model Setup 'clk'
Slack : -1.200
TNS   : -1.200

Type  : Slow 1200mV 85C Model Hold 'FSM_game:Game|divisor_de_frecuencia:GameClk|clk_out'
Slack : 0.453
TNS   : 0.000

Type  : Slow 1200mV 85C Model Hold 'clk75|altpll_component|auto_generated|pll1|clk[0]'
Slack : 0.453
TNS   : 0.000

Type  : Slow 1200mV 85C Model Hold 'clk'
Slack : 0.492
TNS   : 0.000

Type  : Slow 1200mV 85C Model Hold 'switch[0]'
Slack : 0.513
TNS   : 0.000

Type  : Slow 1200mV 85C Model Minimum Pulse Width 'switch[0]'
Slack : -3.000
TNS   : -3.000

Type  : Slow 1200mV 85C Model Minimum Pulse Width 'FSM_game:Game|divisor_de_frecuencia:GameClk|clk_out'
Slack : -1.487
TNS   : -14.870

Type  : Slow 1200mV 85C Model Minimum Pulse Width 'clk75|altpll_component|auto_generated|pll1|clk[0]'
Slack : 6.368
TNS   : 0.000

Type  : Slow 1200mV 85C Model Minimum Pulse Width 'clk'
Slack : 9.783
TNS   : 0.000

Type  : Slow 1200mV 0C Model Setup 'switch[0]'
Slack : -7.493
TNS   : -56.186

Type  : Slow 1200mV 0C Model Setup 'clk75|altpll_component|auto_generated|pll1|clk[0]'
Slack : -5.705
TNS   : -15.809

Type  : Slow 1200mV 0C Model Setup 'FSM_game:Game|divisor_de_frecuencia:GameClk|clk_out'
Slack : -1.140
TNS   : -6.927

Type  : Slow 1200mV 0C Model Setup 'clk'
Slack : -1.107
TNS   : -1.107

Type  : Slow 1200mV 0C Model Hold 'FSM_game:Game|divisor_de_frecuencia:GameClk|clk_out'
Slack : 0.401
TNS   : 0.000

Type  : Slow 1200mV 0C Model Hold 'clk75|altpll_component|auto_generated|pll1|clk[0]'
Slack : 0.401
TNS   : 0.000

Type  : Slow 1200mV 0C Model Hold 'clk'
Slack : 0.454
TNS   : 0.000

Type  : Slow 1200mV 0C Model Hold 'switch[0]'
Slack : 0.470
TNS   : 0.000

Type  : Slow 1200mV 0C Model Minimum Pulse Width 'switch[0]'
Slack : -3.000
TNS   : -3.000

Type  : Slow 1200mV 0C Model Minimum Pulse Width 'FSM_game:Game|divisor_de_frecuencia:GameClk|clk_out'
Slack : -1.487
TNS   : -14.870

Type  : Slow 1200mV 0C Model Minimum Pulse Width 'clk75|altpll_component|auto_generated|pll1|clk[0]'
Slack : 6.338
TNS   : 0.000

Type  : Slow 1200mV 0C Model Minimum Pulse Width 'clk'
Slack : 9.773
TNS   : 0.000

Type  : Fast 1200mV 0C Model Setup 'switch[0]'
Slack : -3.200
TNS   : -24.445

Type  : Fast 1200mV 0C Model Setup 'clk75|altpll_component|auto_generated|pll1|clk[0]'
Slack : -2.944
TNS   : -8.477

Type  : Fast 1200mV 0C Model Setup 'clk'
Slack : -0.308
TNS   : -0.308

Type  : Fast 1200mV 0C Model Setup 'FSM_game:Game|divisor_de_frecuencia:GameClk|clk_out'
Slack : -0.022
TNS   : -0.040

Type  : Fast 1200mV 0C Model Hold 'switch[0]'
Slack : 0.115
TNS   : 0.000

Type  : Fast 1200mV 0C Model Hold 'clk75|altpll_component|auto_generated|pll1|clk[0]'
Slack : 0.186
TNS   : 0.000

Type  : Fast 1200mV 0C Model Hold 'FSM_game:Game|divisor_de_frecuencia:GameClk|clk_out'
Slack : 0.187
TNS   : 0.000

Type  : Fast 1200mV 0C Model Hold 'clk'
Slack : 0.198
TNS   : 0.000

Type  : Fast 1200mV 0C Model Minimum Pulse Width 'switch[0]'
Slack : -3.000
TNS   : -3.000

Type  : Fast 1200mV 0C Model Minimum Pulse Width 'FSM_game:Game|divisor_de_frecuencia:GameClk|clk_out'
Slack : -1.000
TNS   : -10.000

Type  : Fast 1200mV 0C Model Minimum Pulse Width 'clk75|altpll_component|auto_generated|pll1|clk[0]'
Slack : 6.401
TNS   : 0.000

Type  : Fast 1200mV 0C Model Minimum Pulse Width 'clk'
Slack : 9.434
TNS   : 0.000

------------------------------------------------------------
