------------------------------------------------------------
Timing Analyzer Summary
------------------------------------------------------------

Type  : Slow 1200mV 85C Model Setup 'VGA_Driver1024x768:VGA1024x768|countX[0]'
Slack : -9.486
TNS   : -63.230

Type  : Slow 1200mV 85C Model Setup 'clk75|altpll_component|auto_generated|pll1|clk[0]'
Slack : -6.865
TNS   : -44.312

Type  : Slow 1200mV 85C Model Hold 'clk75|altpll_component|auto_generated|pll1|clk[0]'
Slack : 0.454
TNS   : 0.000

Type  : Slow 1200mV 85C Model Hold 'VGA_Driver1024x768:VGA1024x768|countX[0]'
Slack : 2.451
TNS   : 0.000

Type  : Slow 1200mV 85C Model Recovery 'VGA_Driver1024x768:VGA1024x768|countX[0]'
Slack : -2.115
TNS   : -11.764

Type  : Slow 1200mV 85C Model Removal 'VGA_Driver1024x768:VGA1024x768|countX[0]'
Slack : 0.706
TNS   : 0.000

Type  : Slow 1200mV 85C Model Minimum Pulse Width 'VGA_Driver1024x768:VGA1024x768|countX[0]'
Slack : 0.430
TNS   : 0.000

Type  : Slow 1200mV 85C Model Minimum Pulse Width 'clk75|altpll_component|auto_generated|pll1|clk[0]'
Slack : 6.355
TNS   : 0.000

Type  : Slow 1200mV 85C Model Minimum Pulse Width 'clk'
Slack : 9.934
TNS   : 0.000

Type  : Slow 1200mV 0C Model Setup 'VGA_Driver1024x768:VGA1024x768|countX[0]'
Slack : -8.872
TNS   : -59.173

Type  : Slow 1200mV 0C Model Setup 'clk75|altpll_component|auto_generated|pll1|clk[0]'
Slack : -6.235
TNS   : -39.110

Type  : Slow 1200mV 0C Model Hold 'clk75|altpll_component|auto_generated|pll1|clk[0]'
Slack : 0.313
TNS   : 0.000

Type  : Slow 1200mV 0C Model Hold 'VGA_Driver1024x768:VGA1024x768|countX[0]'
Slack : 2.051
TNS   : 0.000

Type  : Slow 1200mV 0C Model Recovery 'VGA_Driver1024x768:VGA1024x768|countX[0]'
Slack : -1.895
TNS   : -10.210

Type  : Slow 1200mV 0C Model Removal 'VGA_Driver1024x768:VGA1024x768|countX[0]'
Slack : 0.651
TNS   : 0.000

Type  : Slow 1200mV 0C Model Minimum Pulse Width 'VGA_Driver1024x768:VGA1024x768|countX[0]'
Slack : 0.403
TNS   : 0.000

Type  : Slow 1200mV 0C Model Minimum Pulse Width 'clk75|altpll_component|auto_generated|pll1|clk[0]'
Slack : 6.334
TNS   : 0.000

Type  : Slow 1200mV 0C Model Minimum Pulse Width 'clk'
Slack : 9.943
TNS   : 0.000

Type  : Fast 1200mV 0C Model Setup 'VGA_Driver1024x768:VGA1024x768|countX[0]'
Slack : -3.662
TNS   : -24.269

Type  : Fast 1200mV 0C Model Setup 'clk75|altpll_component|auto_generated|pll1|clk[0]'
Slack : -3.144
TNS   : -21.466

Type  : Fast 1200mV 0C Model Hold 'clk75|altpll_component|auto_generated|pll1|clk[0]'
Slack : 0.187
TNS   : 0.000

Type  : Fast 1200mV 0C Model Hold 'VGA_Driver1024x768:VGA1024x768|countX[0]'
Slack : 0.997
TNS   : 0.000

Type  : Fast 1200mV 0C Model Recovery 'VGA_Driver1024x768:VGA1024x768|countX[0]'
Slack : -0.337
TNS   : -1.139

Type  : Fast 1200mV 0C Model Removal 'VGA_Driver1024x768:VGA1024x768|countX[0]'
Slack : 0.283
TNS   : 0.000

Type  : Fast 1200mV 0C Model Minimum Pulse Width 'VGA_Driver1024x768:VGA1024x768|countX[0]'
Slack : 0.278
TNS   : 0.000

Type  : Fast 1200mV 0C Model Minimum Pulse Width 'clk75|altpll_component|auto_generated|pll1|clk[0]'
Slack : 6.443
TNS   : 0.000

Type  : Fast 1200mV 0C Model Minimum Pulse Width 'clk'
Slack : 9.594
TNS   : 0.000

------------------------------------------------------------
